[     363ms] [ERROR] Error @ http://localhost:3100/assets/index-eQ7eOV_Z.js:67
[     364ms] [ERROR] Error @ http://localhost:3100/assets/index-eQ7eOV_Z.js:67
[    1220ms] [ERROR] Error @ http://localhost:3100/assets/index-eQ7eOV_Z.js:67
[    1308ms] [ERROR] Error @ http://localhost:3100/assets/index-eQ7eOV_Z.js:67
[    1315ms] [ERROR] Error @ http://localhost:3100/assets/index-eQ7eOV_Z.js:67
[    6252ms] [ERROR] Error @ http://localhost:3100/assets/index-eQ7eOV_Z.js:67
[    6314ms] [ERROR] Error @ http://localhost:3100/assets/index-eQ7eOV_Z.js:67
[    6319ms] [ERROR] Error @ http://localhost:3100/assets/index-eQ7eOV_Z.js:67
[   11274ms] [ERROR] Error @ http://localhost:3100/assets/index-eQ7eOV_Z.js:67
[   11319ms] [ERROR] Error @ http://localhost:3100/assets/index-eQ7eOV_Z.js:67
[   11322ms] [ERROR] Error @ http://localhost:3100/assets/index-eQ7eOV_Z.js:67
[   16290ms] [ERROR] Error @ http://localhost:3100/assets/index-eQ7eOV_Z.js:67
[   16332ms] [ERROR] Error @ http://localhost:3100/assets/index-eQ7eOV_Z.js:67
[   16335ms] [ERROR] Error @ http://localhost:3100/assets/index-eQ7eOV_Z.js:67
[   21283ms] [ERROR] Error @ http://localhost:3100/assets/index-eQ7eOV_Z.js:67
[   21352ms] [ERROR] Error @ http://localhost:3100/assets/index-eQ7eOV_Z.js:67
[   21358ms] [ERROR] Error @ http://localhost:3100/assets/index-eQ7eOV_Z.js:67
[   26299ms] [ERROR] Error @ http://localhost:3100/assets/index-eQ7eOV_Z.js:67
[   26346ms] [ERROR] Error @ http://localhost:3100/assets/index-eQ7eOV_Z.js:67
[   26350ms] [ERROR] Error @ http://localhost:3100/assets/index-eQ7eOV_Z.js:67
[   30165ms] [ERROR] Error @ http://localhost:3100/assets/index-eQ7eOV_Z.js:67
[   30208ms] [ERROR] Error @ http://localhost:3100/assets/index-eQ7eOV_Z.js:67
[   31248ms] [ERROR] Error @ http://localhost:3100/assets/index-eQ7eOV_Z.js:67
[   31324ms] [ERROR] Error @ http://localhost:3100/assets/index-eQ7eOV_Z.js:67
[   31334ms] [ERROR] Error @ http://localhost:3100/assets/index-eQ7eOV_Z.js:67
[   36286ms] [ERROR] Error @ http://localhost:3100/assets/index-eQ7eOV_Z.js:67
[   36332ms] [ERROR] Error @ http://localhost:3100/assets/index-eQ7eOV_Z.js:67
[   36335ms] [ERROR] Error @ http://localhost:3100/assets/index-eQ7eOV_Z.js:67
[   41312ms] [ERROR] Error @ http://localhost:3100/assets/index-eQ7eOV_Z.js:67
[   41353ms] [ERROR] Error @ http://localhost:3100/assets/index-eQ7eOV_Z.js:67
[   41357ms] [ERROR] Error @ http://localhost:3100/assets/index-eQ7eOV_Z.js:67
[   46303ms] [ERROR] Error @ http://localhost:3100/assets/index-eQ7eOV_Z.js:67
[   46347ms] [ERROR] Error @ http://localhost:3100/assets/index-eQ7eOV_Z.js:67
[   46351ms] [ERROR] Error @ http://localhost:3100/assets/index-eQ7eOV_Z.js:67
[   51316ms] [ERROR] Error @ http://localhost:3100/assets/index-eQ7eOV_Z.js:67
[   51358ms] [ERROR] Error @ http://localhost:3100/assets/index-eQ7eOV_Z.js:67
[   51364ms] [ERROR] Error @ http://localhost:3100/assets/index-eQ7eOV_Z.js:67
[   56297ms] [ERROR] Error @ http://localhost:3100/assets/index-eQ7eOV_Z.js:67
[   56338ms] [ERROR] Error @ http://localhost:3100/assets/index-eQ7eOV_Z.js:67
[   56342ms] [ERROR] Error @ http://localhost:3100/assets/index-eQ7eOV_Z.js:67
[   60167ms] [ERROR] Error @ http://localhost:3100/assets/index-eQ7eOV_Z.js:67
[   60209ms] [ERROR] Error @ http://localhost:3100/assets/index-eQ7eOV_Z.js:67
[   61300ms] [ERROR] Error @ http://localhost:3100/assets/index-eQ7eOV_Z.js:67
[   61340ms] [ERROR] Error @ http://localhost:3100/assets/index-eQ7eOV_Z.js:67
[   61344ms] [ERROR] Error @ http://localhost:3100/assets/index-eQ7eOV_Z.js:67
[   66302ms] [ERROR] Error @ http://localhost:3100/assets/index-eQ7eOV_Z.js:67
[   66343ms] [ERROR] Error @ http://localhost:3100/assets/index-eQ7eOV_Z.js:67
[   66347ms] [ERROR] Error @ http://localhost:3100/assets/index-eQ7eOV_Z.js:67
[   71331ms] [ERROR] Error @ http://localhost:3100/assets/index-eQ7eOV_Z.js:67
[   71372ms] [ERROR] Error @ http://localhost:3100/assets/index-eQ7eOV_Z.js:67
[   71375ms] [ERROR] Error @ http://localhost:3100/assets/index-eQ7eOV_Z.js:67
[   76326ms] [ERROR] Error @ http://localhost:3100/assets/index-eQ7eOV_Z.js:67
[   76373ms] [ERROR] Error @ http://localhost:3100/assets/index-eQ7eOV_Z.js:67
[   76377ms] [ERROR] Error @ http://localhost:3100/assets/index-eQ7eOV_Z.js:67
[   81353ms] [ERROR] Error @ http://localhost:3100/assets/index-eQ7eOV_Z.js:67
[   81395ms] [ERROR] Error @ http://localhost:3100/assets/index-eQ7eOV_Z.js:67
[   81399ms] [ERROR] Error @ http://localhost:3100/assets/index-eQ7eOV_Z.js:67
[   86377ms] [ERROR] Error @ http://localhost:3100/assets/index-eQ7eOV_Z.js:67
[   86432ms] [ERROR] Error @ http://localhost:3100/assets/index-eQ7eOV_Z.js:67
[   86437ms] [ERROR] Error @ http://localhost:3100/assets/index-eQ7eOV_Z.js:67
[   90165ms] [ERROR] Error @ :9
[   90207ms] [ERROR] Error @ :9
[   91360ms] [ERROR] Error @ :9
[   91400ms] [ERROR] Error @ :9
[   91403ms] [ERROR] Error @ :9
[   96352ms] [ERROR] Error @ http://localhost:3100/assets/index-eQ7eOV_Z.js:67
[   96394ms] [ERROR] Error @ http://localhost:3100/assets/index-eQ7eOV_Z.js:67
[   96399ms] [ERROR] Error @ http://localhost:3100/assets/index-eQ7eOV_Z.js:67
[  101369ms] [ERROR] Error @ http://localhost:3100/assets/index-eQ7eOV_Z.js:67
[  101409ms] [ERROR] Error @ http://localhost:3100/assets/index-eQ7eOV_Z.js:67
[  101413ms] [ERROR] Error @ http://localhost:3100/assets/index-eQ7eOV_Z.js:67
[  106375ms] [ERROR] Error @ http://localhost:3100/assets/index-eQ7eOV_Z.js:67
[  106417ms] [ERROR] Error @ http://localhost:3100/assets/index-eQ7eOV_Z.js:67
[  106421ms] [ERROR] Error @ http://localhost:3100/assets/index-eQ7eOV_Z.js:67
[  111359ms] [ERROR] Error @ http://localhost:3100/assets/index-eQ7eOV_Z.js:67
[  111400ms] [ERROR] Error @ http://localhost:3100/assets/index-eQ7eOV_Z.js:67
[  111403ms] [ERROR] Error @ http://localhost:3100/assets/index-eQ7eOV_Z.js:67
[  116367ms] [ERROR] Error @ http://localhost:3100/assets/index-eQ7eOV_Z.js:67
[  116410ms] [ERROR] Error @ http://localhost:3100/assets/index-eQ7eOV_Z.js:67
[  116414ms] [ERROR] Error @ http://localhost:3100/assets/index-eQ7eOV_Z.js:67
[  120169ms] [ERROR] Error @ http://localhost:3100/assets/index-eQ7eOV_Z.js:67
[  120206ms] [ERROR] Error @ http://localhost:3100/assets/index-eQ7eOV_Z.js:67
[  121388ms] [ERROR] Error @ http://localhost:3100/assets/index-eQ7eOV_Z.js:67
[  121442ms] [ERROR] Error @ http://localhost:3100/assets/index-eQ7eOV_Z.js:67
[  121444ms] [ERROR] Error @ http://localhost:3100/assets/index-eQ7eOV_Z.js:67
[  126396ms] [ERROR] Error @ http://localhost:3100/assets/index-eQ7eOV_Z.js:67
[  126439ms] [ERROR] Error @ http://localhost:3100/assets/index-eQ7eOV_Z.js:67
[  126443ms] [ERROR] Error @ http://localhost:3100/assets/index-eQ7eOV_Z.js:67
[  131390ms] [ERROR] Error @ http://localhost:3100/assets/index-eQ7eOV_Z.js:67
[  131430ms] [ERROR] Error @ http://localhost:3100/assets/index-eQ7eOV_Z.js:67
[  131434ms] [ERROR] Error @ http://localhost:3100/assets/index-eQ7eOV_Z.js:67
