[      78ms] [ERROR] WebSocket connection to 'ws://localhost:3100/ws/realtime' failed: Error during WebSocket handshake: Unexpected response code: 403 @ http://localhost:3100/assets/index-aF7XLr-l.js:59
[      83ms] [ERROR] WebSocket connection to 'ws://localhost:3100/ws/realtime' failed: Error during WebSocket handshake: Unexpected response code: 403 @ http://localhost:3100/assets/index-aF7XLr-l.js:59
[    3156ms] [ERROR] WebSocket connection to 'ws://localhost:3100/ws/realtime' failed: Error during WebSocket handshake: Unexpected response code: 403 @ http://localhost:3100/assets/index-aF7XLr-l.js:59
[    8478ms] [ERROR] WebSocket connection to 'ws://localhost:3100/ws/realtime' failed: Error during WebSocket handshake: Unexpected response code: 403 @ http://localhost:3100/assets/index-aF7XLr-l.js:59
[   16002ms] [ERROR] WebSocket connection to 'ws://localhost:3100/ws/realtime' failed: Error during WebSocket handshake: Unexpected response code: 403 @ http://localhost:3100/assets/index-aF7XLr-l.js:59
[   26322ms] [ERROR] WebSocket connection to 'ws://localhost:3100/ws/realtime' failed: Error during WebSocket handshake: Unexpected response code: 403 @ http://localhost:3100/assets/index-aF7XLr-l.js:59
[   41876ms] [ERROR] WebSocket connection to 'ws://localhost:3100/ws/realtime' failed: Error during WebSocket handshake: Unexpected response code: 403 @ http://localhost:3100/assets/index-aF7XLr-l.js:59
[   65489ms] [ERROR] WebSocket connection to 'ws://localhost:3100/ws/realtime' failed: Error during WebSocket handshake: Unexpected response code: 403 @ http://localhost:3100/assets/index-aF7XLr-l.js:59
[   96228ms] [ERROR] WebSocket connection to 'ws://localhost:3100/ws/realtime' failed: Error during WebSocket handshake: Unexpected response code: 403 @ http://localhost:3100/assets/index-aF7XLr-l.js:59
[  126244ms] [ERROR] WebSocket connection to 'ws://localhost:3100/ws/realtime' failed: Error during WebSocket handshake: Unexpected response code: 403 @ http://localhost:3100/assets/index-aF7XLr-l.js:59
[ 1746609ms] [ERROR] WebSocket connection to 'ws://localhost:3100/ws/realtime' failed: Error during WebSocket handshake: Unexpected response code: 403 @ http://localhost:3100/assets/index-aF7XLr-l.js:59
[ 1776610ms] [ERROR] WebSocket connection to 'ws://localhost:3100/ws/realtime' failed: Error during WebSocket handshake: Unexpected response code: 403 @ http://localhost:3100/assets/index-aF7XLr-l.js:59
[ 1806628ms] [ERROR] WebSocket connection to 'ws://localhost:3100/ws/realtime' failed: Error during WebSocket handshake: Unexpected response code: 403 @ http://localhost:3100/assets/index-aF7XLr-l.js:59
[ 1836648ms] [ERROR] WebSocket connection to 'ws://localhost:3100/ws/realtime' failed: Error during WebSocket handshake: Unexpected response code: 403 @ http://localhost:3100/assets/index-aF7XLr-l.js:59
[ 1866670ms] [ERROR] WebSocket connection to 'ws://localhost:3100/ws/realtime' failed: Error during WebSocket handshake: Unexpected response code: 403 @ http://localhost:3100/assets/index-aF7XLr-l.js:59
[ 1896680ms] [ERROR] WebSocket connection to 'ws://localhost:3100/ws/realtime' failed: Error during WebSocket handshake: Unexpected response code: 403 @ http://localhost:3100/assets/index-aF7XLr-l.js:59
[ 1926702ms] [ERROR] WebSocket connection to 'ws://localhost:3100/ws/realtime' failed: Error during WebSocket handshake: Unexpected response code: 403 @ http://localhost:3100/assets/index-aF7XLr-l.js:59
[ 1956712ms] [ERROR] WebSocket connection to 'ws://localhost:3100/ws/realtime' failed: Error during WebSocket handshake: Unexpected response code: 403 @ http://localhost:3100/assets/index-aF7XLr-l.js:59
[ 1986722ms] [ERROR] WebSocket connection to 'ws://localhost:3100/ws/realtime' failed: Error during WebSocket handshake: Unexpected response code: 403 @ http://localhost:3100/assets/index-aF7XLr-l.js:59
[ 2016728ms] [ERROR] WebSocket connection to 'ws://localhost:3100/ws/realtime' failed: Error during WebSocket handshake: Unexpected response code: 403 @ http://localhost:3100/assets/index-aF7XLr-l.js:59
[ 2238504ms] [ERROR] WebSocket connection to 'ws://localhost:3100/ws/realtime' failed: Error during WebSocket handshake: Unexpected response code: 403 @ http://localhost:3100/assets/index-aF7XLr-l.js:59
[ 2268514ms] [ERROR] WebSocket connection to 'ws://localhost:3100/ws/realtime' failed: Error during WebSocket handshake: Unexpected response code: 403 @ http://localhost:3100/assets/index-aF7XLr-l.js:59
[ 4059390ms] [ERROR] WebSocket connection to 'ws://localhost:3100/ws/realtime' failed: Error during WebSocket handshake: Unexpected response code: 403 @ http://localhost:3100/assets/index-aF7XLr-l.js:59
