[      35ms] [INFO] %cDownload the React DevTools for a better development experience: https://react.dev/link/react-devtools font-weight:bold @ http://localhost:5173/node_modules/.vite/deps/react-dom_client.js?v=b963006d:20102
[   61924ms] [LOG] [vite] server connection lost. Polling for restart... @ http://localhost:5173/@vite/client:963
[   61924ms] [ERROR] WebSocket connection to 'ws://localhost:5173/ws/realtime' failed: Connection closed before receiving a handshake response @ http://localhost:5173/src/lib/websocket.ts:47
[   61939ms] [ERROR] WebSocket connection to 'ws://localhost:5173/ws/realtime' failed: Error during WebSocket handshake: Unexpected response code: 403 @ http://localhost:5173/src/lib/websocket.ts:47
[   61953ms] [ERROR] WebSocket connection to 'ws://localhost:5173/ws/realtime' failed: Error during WebSocket handshake: Unexpected response code: 403 @ http://localhost:5173/src/lib/websocket.ts:47
[   61968ms] [ERROR] WebSocket connection to 'ws://localhost:5173/ws/realtime' failed: Error during WebSocket handshake: Unexpected response code: 403 @ http://localhost:5173/src/lib/websocket.ts:47
[   62381ms] [INFO] %cDownload the React DevTools for a better development experience: https://react.dev/link/react-devtools font-weight:bold @ http://localhost:5173/node_modules/.vite/deps/react-dom_client.js?v=cd6bad9c:20102
[   62436ms] [ERROR] WebSocket connection to 'ws://localhost:5173/ws/realtime' failed: Error during WebSocket handshake: Unexpected response code: 403 @ http://localhost:5173/src/lib/websocket.ts:47
[   62457ms] [ERROR] WebSocket connection to 'ws://localhost:5173/ws/realtime' failed: Error during WebSocket handshake: Unexpected response code: 403 @ http://localhost:5173/src/lib/websocket.ts:47
[   62482ms] [ERROR] WebSocket connection to 'ws://localhost:5173/ws/realtime' failed: Error during WebSocket handshake: Unexpected response code: 403 @ http://localhost:5173/src/lib/websocket.ts:47
[   62504ms] [ERROR] WebSocket connection to 'ws://localhost:5173/ws/realtime' failed: Error during WebSocket handshake: Unexpected response code: 403 @ http://localhost:5173/src/lib/websocket.ts:47
[   66300ms] [ERROR] WebSocket connection to 'ws://localhost:5173/ws/realtime' failed: Error during WebSocket handshake: Unexpected response code: 403 @ http://localhost:5173/src/lib/websocket.ts:47
[   66406ms] [ERROR] WebSocket connection to 'ws://localhost:5173/?token=U2WIgKTqA3Mr' failed:  @ http://localhost:5173/@vite/client:801
[   66406ms] [LOG] [vite] server connection lost. Polling for restart... @ http://localhost:5173/@vite/client:963
[   66442ms] [ERROR] WebSocket connection to 'ws://localhost:5173/' failed: Error in connection establishment: net::ERR_CONNECTION_REFUSED @ http://localhost:5173/@vite/client:1034
[   67446ms] [ERROR] WebSocket connection to 'ws://localhost:5173/' failed: Error in connection establishment: net::ERR_CONNECTION_REFUSED @ http://localhost:5173/@vite/client:1034
[   68451ms] [ERROR] WebSocket connection to 'ws://localhost:5173/' failed: Error in connection establishment: net::ERR_CONNECTION_REFUSED @ http://localhost:5173/@vite/client:1034
[   69456ms] [ERROR] WebSocket connection to 'ws://localhost:5173/' failed: Error in connection establishment: net::ERR_CONNECTION_REFUSED @ http://localhost:5173/@vite/client:1034
[   70462ms] [ERROR] WebSocket connection to 'ws://localhost:5173/' failed: Error in connection establishment: net::ERR_CONNECTION_REFUSED @ http://localhost:5173/@vite/client:1034
[   71280ms] [ERROR] WebSocket connection to 'ws://localhost:5173/ws/realtime' failed: Error in connection establishment: net::ERR_CONNECTION_REFUSED @ http://localhost:5173/src/lib/websocket.ts:47
[   71475ms] [ERROR] WebSocket connection to 'ws://localhost:5173/' failed: Error in connection establishment: net::ERR_CONNECTION_REFUSED @ http://localhost:5173/@vite/client:1034
[   72494ms] [ERROR] WebSocket connection to 'ws://localhost:5173/' failed: Error in connection establishment: net::ERR_CONNECTION_REFUSED @ http://localhost:5173/@vite/client:1034
[   73532ms] [ERROR] WebSocket connection to 'ws://localhost:5173/' failed: Error in connection establishment: net::ERR_CONNECTION_REFUSED @ http://localhost:5173/@vite/client:1034
[   75137ms] [INFO] %cDownload the React DevTools for a better development experience: https://react.dev/link/react-devtools font-weight:bold @ http://localhost:5173/node_modules/.vite/deps/react-dom_client.js?v=cd6bad9c:20102
[   75190ms] [ERROR] WebSocket connection to 'ws://localhost:5173/ws/realtime' failed: Error during WebSocket handshake: Unexpected response code: 403 @ http://localhost:5173/src/lib/websocket.ts:47
[   75211ms] [ERROR] WebSocket connection to 'ws://localhost:5173/ws/realtime' failed: Error during WebSocket handshake: Unexpected response code: 403 @ http://localhost:5173/src/lib/websocket.ts:47
[   75219ms] [ERROR] WebSocket connection to 'ws://localhost:5173/ws/realtime' failed: Error during WebSocket handshake: Unexpected response code: 403 @ http://localhost:5173/src/lib/websocket.ts:47
[   75230ms] [ERROR] WebSocket connection to 'ws://localhost:5173/ws/realtime' failed: Error during WebSocket handshake: Unexpected response code: 403 @ http://localhost:5173/src/lib/websocket.ts:47
[   78643ms] [ERROR] WebSocket connection to 'ws://localhost:5173/ws/realtime' failed: Error during WebSocket handshake: Unexpected response code: 403 @ http://localhost:5173/src/lib/websocket.ts:47
[   83575ms] [ERROR] WebSocket connection to 'ws://localhost:5173/ws/realtime' failed: Error during WebSocket handshake: Unexpected response code: 403 @ http://localhost:5173/src/lib/websocket.ts:47
