[      81ms] [ERROR] Failed to load resource: the server responded with a status of 502 (Bad Gateway) @ http://localhost:3100/api/v1/simulation/state:0
[      81ms] [ERROR] Failed to load resource: the server responded with a status of 502 (Bad Gateway) @ http://localhost:3100/api/v1/weather/current:0
[      81ms] [ERROR] Failed to load resource: the server responded with a status of 502 (Bad Gateway) @ http://localhost:3100/api/v1/simulation/metrics?hours_back=1:0
[      83ms] [ERROR] WebSocket connection to 'ws://localhost:3100/ws/realtime' failed: Error during WebSocket handshake: Unexpected response code: 502 @ http://localhost:3100/assets/index-Dko1t5gX.js:59
[      83ms] [ERROR] WebSocket connection to 'ws://localhost:3100/ws/realtime' failed: Error during WebSocket handshake: Unexpected response code: 502 @ http://localhost:3100/assets/index-Dko1t5gX.js:59
[      83ms] [WARNING] WebSocket error: error @ http://localhost:3100/assets/index-Dko1t5gX.js:59
[      83ms] [WARNING] WebSocket error: error @ http://localhost:3100/assets/index-Dko1t5gX.js:59
[      91ms] [ERROR] WebSocket connection to 'ws://localhost:3100/ws/realtime' failed: Error during WebSocket handshake: Unexpected response code: 502 @ http://localhost:3100/assets/index-Dko1t5gX.js:59
[      91ms] [WARNING] WebSocket error: error @ http://localhost:3100/assets/index-Dko1t5gX.js:59
[    1084ms] [ERROR] Failed to load resource: the server responded with a status of 502 (Bad Gateway) @ http://localhost:3100/api/v1/simulation/state:0
[    1085ms] [ERROR] Failed to load resource: the server responded with a status of 502 (Bad Gateway) @ http://localhost:3100/api/v1/weather/current:0
[    1085ms] [ERROR] Failed to load resource: the server responded with a status of 502 (Bad Gateway) @ http://localhost:3100/api/v1/simulation/metrics?hours_back=1:0
[    3460ms] [ERROR] WebSocket connection to 'ws://localhost:3100/ws/realtime' failed: Error during WebSocket handshake: Unexpected response code: 502 @ http://localhost:3100/assets/index-Dko1t5gX.js:59
[    3460ms] [WARNING] WebSocket error: error @ http://localhost:3100/assets/index-Dko1t5gX.js:59
[    8094ms] [ERROR] WebSocket connection to 'ws://localhost:3100/ws/realtime' failed: Error during WebSocket handshake: Unexpected response code: 502 @ http://localhost:3100/assets/index-Dko1t5gX.js:59
[    8094ms] [WARNING] WebSocket error: error @ http://localhost:3100/assets/index-Dko1t5gX.js:59
[   11090ms] [ERROR] Failed to load resource: the server responded with a status of 502 (Bad Gateway) @ http://localhost:3100/api/v1/simulation/state:0
[   12102ms] [ERROR] Failed to load resource: the server responded with a status of 502 (Bad Gateway) @ http://localhost:3100/api/v1/simulation/state:0
[   14975ms] [ERROR] WebSocket connection to 'ws://localhost:3100/ws/realtime' failed: Error during WebSocket handshake: Unexpected response code: 502 @ http://localhost:3100/assets/index-Dko1t5gX.js:59
[   14975ms] [WARNING] WebSocket error: error @ http://localhost:3100/assets/index-Dko1t5gX.js:59
