[     238ms] [ERROR] Error @ http://localhost:3100/assets/index-eQ7eOV_Z.js:67
[     243ms] [ERROR] Error @ http://localhost:3100/assets/index-eQ7eOV_Z.js:67
[    3921ms] [ERROR] Error @ http://localhost:3100/assets/index-eQ7eOV_Z.js:67
[    4035ms] [ERROR] Error @ http://localhost:3100/assets/index-eQ7eOV_Z.js:67
[    4043ms] [ERROR] Error @ http://localhost:3100/assets/index-eQ7eOV_Z.js:67
[    8962ms] [ERROR] Error @ http://localhost:3100/assets/index-eQ7eOV_Z.js:67
[    9006ms] [ERROR] Error @ http://localhost:3100/assets/index-eQ7eOV_Z.js:67
[    9010ms] [ERROR] Error @ http://localhost:3100/assets/index-eQ7eOV_Z.js:67
[   13975ms] [ERROR] Error @ http://localhost:3100/assets/index-eQ7eOV_Z.js:67
[   14015ms] [ERROR] Error @ http://localhost:3100/assets/index-eQ7eOV_Z.js:67
[   14021ms] [ERROR] Error @ http://localhost:3100/assets/index-eQ7eOV_Z.js:67
[   18983ms] [ERROR] Error @ http://localhost:3100/assets/index-eQ7eOV_Z.js:67
[   19025ms] [ERROR] Error @ http://localhost:3100/assets/index-eQ7eOV_Z.js:67
[   19029ms] [ERROR] Error @ http://localhost:3100/assets/index-eQ7eOV_Z.js:67
[   23986ms] [ERROR] Error @ http://localhost:3100/assets/index-eQ7eOV_Z.js:67
[   24029ms] [ERROR] Error @ http://localhost:3100/assets/index-eQ7eOV_Z.js:67
[   24033ms] [ERROR] Error @ http://localhost:3100/assets/index-eQ7eOV_Z.js:67
[   28968ms] [ERROR] Error @ :14
[   29007ms] [ERROR] Error @ :14
[   29011ms] [ERROR] Error @ :14
[   30047ms] [ERROR] Error @ :14
[   30075ms] [ERROR] Error @ :14
[   33997ms] [ERROR] Error @ http://localhost:3100/assets/index-eQ7eOV_Z.js:67
[   34039ms] [ERROR] Error @ http://localhost:3100/assets/index-eQ7eOV_Z.js:67
[   34043ms] [ERROR] Error @ http://localhost:3100/assets/index-eQ7eOV_Z.js:67
[   38999ms] [ERROR] Error @ http://localhost:3100/assets/index-eQ7eOV_Z.js:67
[   39038ms] [ERROR] Error @ http://localhost:3100/assets/index-eQ7eOV_Z.js:67
[   39045ms] [ERROR] Error @ http://localhost:3100/assets/index-eQ7eOV_Z.js:67
[   44011ms] [ERROR] Error @ http://localhost:3100/assets/index-eQ7eOV_Z.js:67
[   44052ms] [ERROR] Error @ http://localhost:3100/assets/index-eQ7eOV_Z.js:67
[   44056ms] [ERROR] Error @ http://localhost:3100/assets/index-eQ7eOV_Z.js:67
[   49035ms] [ERROR] Error @ http://localhost:3100/assets/index-eQ7eOV_Z.js:67
[   49084ms] [ERROR] Error @ http://localhost:3100/assets/index-eQ7eOV_Z.js:67
[   49089ms] [ERROR] Error @ http://localhost:3100/assets/index-eQ7eOV_Z.js:67
[   54025ms] [ERROR] Error @ http://localhost:3100/assets/index-eQ7eOV_Z.js:67
[   54068ms] [ERROR] Error @ http://localhost:3100/assets/index-eQ7eOV_Z.js:67
[   54072ms] [ERROR] Error @ http://localhost:3100/assets/index-eQ7eOV_Z.js:67
[   58999ms] [ERROR] Error @ http://localhost:3100/assets/index-eQ7eOV_Z.js:67
[   59040ms] [ERROR] Error @ http://localhost:3100/assets/index-eQ7eOV_Z.js:67
[   59041ms] [ERROR] Error @ http://localhost:3100/assets/index-eQ7eOV_Z.js:67
[   60044ms] [ERROR] Error @ http://localhost:3100/assets/index-eQ7eOV_Z.js:67
[   60074ms] [ERROR] Error @ http://localhost:3100/assets/index-eQ7eOV_Z.js:67
[   64027ms] [ERROR] Error @ http://localhost:3100/assets/index-eQ7eOV_Z.js:67
[   64066ms] [ERROR] Error @ http://localhost:3100/assets/index-eQ7eOV_Z.js:67
[   64070ms] [ERROR] Error @ http://localhost:3100/assets/index-eQ7eOV_Z.js:67
[   69036ms] [ERROR] Error @ http://localhost:3100/assets/index-eQ7eOV_Z.js:67
[   69076ms] [ERROR] Error @ http://localhost:3100/assets/index-eQ7eOV_Z.js:67
[   69080ms] [ERROR] Error @ http://localhost:3100/assets/index-eQ7eOV_Z.js:67
[   74047ms] [ERROR] Error @ http://localhost:3100/assets/index-eQ7eOV_Z.js:67
[   74087ms] [ERROR] Error @ http://localhost:3100/assets/index-eQ7eOV_Z.js:67
[   74093ms] [ERROR] Error @ http://localhost:3100/assets/index-eQ7eOV_Z.js:67
[   79045ms] [ERROR] Error @ http://localhost:3100/assets/index-eQ7eOV_Z.js:67
[   79089ms] [ERROR] Error @ http://localhost:3100/assets/index-eQ7eOV_Z.js:67
[   79092ms] [ERROR] Error @ http://localhost:3100/assets/index-eQ7eOV_Z.js:67
[   84055ms] [ERROR] Error @ http://localhost:3100/assets/index-eQ7eOV_Z.js:67
[   84099ms] [ERROR] Error @ http://localhost:3100/assets/index-eQ7eOV_Z.js:67
[   84104ms] [ERROR] Error @ http://localhost:3100/assets/index-eQ7eOV_Z.js:67
[   99062ms] [ERROR] Error @ http://localhost:3100/assets/index-eQ7eOV_Z.js:67
[   99107ms] [ERROR] Error @ http://localhost:3100/assets/index-eQ7eOV_Z.js:67
[   99111ms] [ERROR] Error @ http://localhost:3100/assets/index-eQ7eOV_Z.js:67
[  104068ms] [ERROR] Error @ http://localhost:3100/assets/index-eQ7eOV_Z.js:67
[  104114ms] [ERROR] Error @ http://localhost:3100/assets/index-eQ7eOV_Z.js:67
[  104118ms] [ERROR] Error @ http://localhost:3100/assets/index-eQ7eOV_Z.js:67
[  109099ms] [ERROR] Error @ http://localhost:3100/assets/index-eQ7eOV_Z.js:67
[  109140ms] [ERROR] Error @ http://localhost:3100/assets/index-eQ7eOV_Z.js:67
[  109147ms] [ERROR] Error @ http://localhost:3100/assets/index-eQ7eOV_Z.js:67
[  114089ms] [ERROR] Error @ http://localhost:3100/assets/index-eQ7eOV_Z.js:67
[  114132ms] [ERROR] Error @ http://localhost:3100/assets/index-eQ7eOV_Z.js:67
[  114136ms] [ERROR] Error @ http://localhost:3100/assets/index-eQ7eOV_Z.js:67
[  119097ms] [ERROR] Error @ http://localhost:3100/assets/index-eQ7eOV_Z.js:67
[  119142ms] [ERROR] Error @ http://localhost:3100/assets/index-eQ7eOV_Z.js:67
[  119146ms] [ERROR] Error @ http://localhost:3100/assets/index-eQ7eOV_Z.js:67
[  120039ms] [ERROR] Error @ http://localhost:3100/assets/index-eQ7eOV_Z.js:67
[  120074ms] [ERROR] Error @ http://localhost:3100/assets/index-eQ7eOV_Z.js:67
[  124107ms] [ERROR] Error @ http://localhost:3100/assets/index-eQ7eOV_Z.js:67
[  124146ms] [ERROR] Error @ http://localhost:3100/assets/index-eQ7eOV_Z.js:67
[  124150ms] [ERROR] Error @ http://localhost:3100/assets/index-eQ7eOV_Z.js:67
[  129115ms] [ERROR] Error @ http://localhost:3100/assets/index-eQ7eOV_Z.js:67
[  129168ms] [ERROR] Error @ http://localhost:3100/assets/index-eQ7eOV_Z.js:67
[  129174ms] [ERROR] Error @ http://localhost:3100/assets/index-eQ7eOV_Z.js:67
[  134098ms] [ERROR] Error @ http://localhost:3100/assets/index-eQ7eOV_Z.js:67
[  134138ms] [ERROR] Error @ http://localhost:3100/assets/index-eQ7eOV_Z.js:67
[  134142ms] [ERROR] Error @ http://localhost:3100/assets/index-eQ7eOV_Z.js:67
[  139133ms] [ERROR] Error @ http://localhost:3100/assets/index-eQ7eOV_Z.js:67
[  139177ms] [ERROR] Error @ http://localhost:3100/assets/index-eQ7eOV_Z.js:67
[  139181ms] [ERROR] Error @ http://localhost:3100/assets/index-eQ7eOV_Z.js:67
[  144140ms] [ERROR] Error @ http://localhost:3100/assets/index-eQ7eOV_Z.js:67
[  144181ms] [ERROR] Error @ http://localhost:3100/assets/index-eQ7eOV_Z.js:67
[  144185ms] [ERROR] Error @ http://localhost:3100/assets/index-eQ7eOV_Z.js:67
[  149146ms] [ERROR] Error @ http://localhost:3100/assets/index-eQ7eOV_Z.js:67
[  149189ms] [ERROR] Error @ http://localhost:3100/assets/index-eQ7eOV_Z.js:67
[  149193ms] [ERROR] Error @ http://localhost:3100/assets/index-eQ7eOV_Z.js:67
[  150045ms] [ERROR] Error @ http://localhost:3100/assets/index-eQ7eOV_Z.js:67
[  150077ms] [ERROR] Error @ http://localhost:3100/assets/index-eQ7eOV_Z.js:67
[  154159ms] [ERROR] Error @ http://localhost:3100/assets/index-eQ7eOV_Z.js:67
[  154199ms] [ERROR] Error @ http://localhost:3100/assets/index-eQ7eOV_Z.js:67
[  154203ms] [ERROR] Error @ http://localhost:3100/assets/index-eQ7eOV_Z.js:67
[  159167ms] [ERROR] Error @ http://localhost:3100/assets/index-eQ7eOV_Z.js:67
[  159208ms] [ERROR] Error @ http://localhost:3100/assets/index-eQ7eOV_Z.js:67
[  159212ms] [ERROR] Error @ http://localhost:3100/assets/index-eQ7eOV_Z.js:67
[  164176ms] [ERROR] Error @ http://localhost:3100/assets/index-eQ7eOV_Z.js:67
[  164224ms] [ERROR] Error @ http://localhost:3100/assets/index-eQ7eOV_Z.js:67
[  164228ms] [ERROR] Error @ http://localhost:3100/assets/index-eQ7eOV_Z.js:67
[  169181ms] [ERROR] Error @ http://localhost:3100/assets/index-eQ7eOV_Z.js:67
[  169223ms] [ERROR] Error @ http://localhost:3100/assets/index-eQ7eOV_Z.js:67
[  169228ms] [ERROR] Error @ http://localhost:3100/assets/index-eQ7eOV_Z.js:67
[  189198ms] [ERROR] Error @ http://localhost:3100/assets/index-eQ7eOV_Z.js:67
[  189237ms] [ERROR] Error @ http://localhost:3100/assets/index-eQ7eOV_Z.js:67
[  189244ms] [ERROR] Error @ http://localhost:3100/assets/index-eQ7eOV_Z.js:67
[  194212ms] [ERROR] Error @ http://localhost:3100/assets/index-eQ7eOV_Z.js:67
[  194261ms] [ERROR] Error @ http://localhost:3100/assets/index-eQ7eOV_Z.js:67
[  194265ms] [ERROR] Error @ http://localhost:3100/assets/index-eQ7eOV_Z.js:67
[  199226ms] [ERROR] Error @ http://localhost:3100/assets/index-eQ7eOV_Z.js:67
[  199268ms] [ERROR] Error @ http://localhost:3100/assets/index-eQ7eOV_Z.js:67
[  199275ms] [ERROR] Error @ http://localhost:3100/assets/index-eQ7eOV_Z.js:67
[  204235ms] [ERROR] Error @ http://localhost:3100/assets/index-eQ7eOV_Z.js:67
[  204277ms] [ERROR] Error @ http://localhost:3100/assets/index-eQ7eOV_Z.js:67
[  204280ms] [ERROR] Error @ http://localhost:3100/assets/index-eQ7eOV_Z.js:67
[  209237ms] [ERROR] Error @ :11
[  209276ms] [ERROR] Error @ :11
[  209280ms] [ERROR] Error @ :11
[  210067ms] [ERROR] Error @ :11
[  210099ms] [ERROR] Error @ :11
[  214254ms] [ERROR] Error @ http://localhost:3100/assets/index-eQ7eOV_Z.js:67
[  214294ms] [ERROR] Error @ http://localhost:3100/assets/index-eQ7eOV_Z.js:67
[  214300ms] [ERROR] Error @ http://localhost:3100/assets/index-eQ7eOV_Z.js:67
[  219255ms] [ERROR] Error @ http://localhost:3100/assets/index-eQ7eOV_Z.js:67
[  219296ms] [ERROR] Error @ http://localhost:3100/assets/index-eQ7eOV_Z.js:67
[  219301ms] [ERROR] Error @ http://localhost:3100/assets/index-eQ7eOV_Z.js:67
[  224262ms] [ERROR] Error @ http://localhost:3100/assets/index-eQ7eOV_Z.js:67
[  224305ms] [ERROR] Error @ http://localhost:3100/assets/index-eQ7eOV_Z.js:67
[  224312ms] [ERROR] Error @ http://localhost:3100/assets/index-eQ7eOV_Z.js:67
[  229238ms] [ERROR] Error @ http://localhost:3100/assets/index-eQ7eOV_Z.js:67
[  229280ms] [ERROR] Error @ http://localhost:3100/assets/index-eQ7eOV_Z.js:67
[  229283ms] [ERROR] Error @ http://localhost:3100/assets/index-eQ7eOV_Z.js:67
[  234243ms] [ERROR] Error @ http://localhost:3100/assets/index-eQ7eOV_Z.js:67
[  234284ms] [ERROR] Error @ http://localhost:3100/assets/index-eQ7eOV_Z.js:67
[  234288ms] [ERROR] Error @ http://localhost:3100/assets/index-eQ7eOV_Z.js:67
[  239275ms] [ERROR] Error @ http://localhost:3100/assets/index-eQ7eOV_Z.js:67
[  239326ms] [ERROR] Error @ http://localhost:3100/assets/index-eQ7eOV_Z.js:67
[  239330ms] [ERROR] Error @ http://localhost:3100/assets/index-eQ7eOV_Z.js:67
[  240065ms] [ERROR] Error @ http://localhost:3100/assets/index-eQ7eOV_Z.js:67
[  240100ms] [ERROR] Error @ http://localhost:3100/assets/index-eQ7eOV_Z.js:67
[  244259ms] [ERROR] Error @ http://localhost:3100/assets/index-eQ7eOV_Z.js:67
[  244296ms] [ERROR] Error @ http://localhost:3100/assets/index-eQ7eOV_Z.js:67
[  244299ms] [ERROR] Error @ http://localhost:3100/assets/index-eQ7eOV_Z.js:67
[  249297ms] [ERROR] Error @ http://localhost:3100/assets/index-eQ7eOV_Z.js:67
[  249338ms] [ERROR] Error @ http://localhost:3100/assets/index-eQ7eOV_Z.js:67
[  249345ms] [ERROR] Error @ http://localhost:3100/assets/index-eQ7eOV_Z.js:67
[  254306ms] [ERROR] Error @ http://localhost:3100/assets/index-eQ7eOV_Z.js:67
[  254348ms] [ERROR] Error @ http://localhost:3100/assets/index-eQ7eOV_Z.js:67
[  254353ms] [ERROR] Error @ http://localhost:3100/assets/index-eQ7eOV_Z.js:67
[  259317ms] [ERROR] Error @ http://localhost:3100/assets/index-eQ7eOV_Z.js:67
[  259357ms] [ERROR] Error @ http://localhost:3100/assets/index-eQ7eOV_Z.js:67
[  259362ms] [ERROR] Error @ http://localhost:3100/assets/index-eQ7eOV_Z.js:67
[  264321ms] [ERROR] Error @ http://localhost:3100/assets/index-eQ7eOV_Z.js:67
[  264361ms] [ERROR] Error @ http://localhost:3100/assets/index-eQ7eOV_Z.js:67
[  264365ms] [ERROR] Error @ http://localhost:3100/assets/index-eQ7eOV_Z.js:67
[  269314ms] [ERROR] Error @ http://localhost:3100/assets/index-eQ7eOV_Z.js:67
[  269354ms] [ERROR] Error @ http://localhost:3100/assets/index-eQ7eOV_Z.js:67
[  269358ms] [ERROR] Error @ http://localhost:3100/assets/index-eQ7eOV_Z.js:67
[  270074ms] [ERROR] Error @ http://localhost:3100/assets/index-eQ7eOV_Z.js:67
[  270100ms] [ERROR] Error @ http://localhost:3100/assets/index-eQ7eOV_Z.js:67
[  284296ms] [ERROR] Error @ http://localhost:3100/assets/index-eQ7eOV_Z.js:67
[  284377ms] [ERROR] Error @ http://localhost:3100/assets/index-eQ7eOV_Z.js:67
[  284382ms] [ERROR] Error @ http://localhost:3100/assets/index-eQ7eOV_Z.js:67
[  289324ms] [ERROR] Error @ http://localhost:3100/assets/index-eQ7eOV_Z.js:67
[  289364ms] [ERROR] Error @ http://localhost:3100/assets/index-eQ7eOV_Z.js:67
[  289368ms] [ERROR] Error @ http://localhost:3100/assets/index-eQ7eOV_Z.js:67
[  294339ms] [ERROR] Error @ http://localhost:3100/assets/index-eQ7eOV_Z.js:67
[  294377ms] [ERROR] Error @ http://localhost:3100/assets/index-eQ7eOV_Z.js:67
[  294384ms] [ERROR] Error @ http://localhost:3100/assets/index-eQ7eOV_Z.js:67
[  299371ms] [ERROR] Error @ http://localhost:3100/assets/index-eQ7eOV_Z.js:67
[  299412ms] [ERROR] Error @ http://localhost:3100/assets/index-eQ7eOV_Z.js:67
[  299414ms] [ERROR] Error @ http://localhost:3100/assets/index-eQ7eOV_Z.js:67
[  300064ms] [ERROR] Error @ http://localhost:3100/assets/index-eQ7eOV_Z.js:67
[  300097ms] [ERROR] Error @ http://localhost:3100/assets/index-eQ7eOV_Z.js:67
[  304345ms] [ERROR] Error @ http://localhost:3100/assets/index-eQ7eOV_Z.js:67
[  304383ms] [ERROR] Error @ http://localhost:3100/assets/index-eQ7eOV_Z.js:67
[  304388ms] [ERROR] Error @ http://localhost:3100/assets/index-eQ7eOV_Z.js:67
[  309367ms] [ERROR] Error @ http://localhost:3100/assets/index-eQ7eOV_Z.js:67
[  309411ms] [ERROR] Error @ http://localhost:3100/assets/index-eQ7eOV_Z.js:67
[  309416ms] [ERROR] Error @ http://localhost:3100/assets/index-eQ7eOV_Z.js:67
[  314376ms] [ERROR] Error @ http://localhost:3100/assets/index-eQ7eOV_Z.js:67
[  314417ms] [ERROR] Error @ http://localhost:3100/assets/index-eQ7eOV_Z.js:67
[  314423ms] [ERROR] Error @ http://localhost:3100/assets/index-eQ7eOV_Z.js:67
[  319383ms] [ERROR] Error @ http://localhost:3100/assets/index-eQ7eOV_Z.js:67
[  319425ms] [ERROR] Error @ http://localhost:3100/assets/index-eQ7eOV_Z.js:67
[  319429ms] [ERROR] Error @ http://localhost:3100/assets/index-eQ7eOV_Z.js:67
[  324368ms] [ERROR] Error @ http://localhost:3100/assets/index-eQ7eOV_Z.js:67
[  324412ms] [ERROR] Error @ http://localhost:3100/assets/index-eQ7eOV_Z.js:67
[  324417ms] [ERROR] Error @ http://localhost:3100/assets/index-eQ7eOV_Z.js:67
[  329362ms] [ERROR] Error @ http://localhost:3100/assets/index-eQ7eOV_Z.js:67
[  329402ms] [ERROR] Error @ http://localhost:3100/assets/index-eQ7eOV_Z.js:67
[  329406ms] [ERROR] Error @ http://localhost:3100/assets/index-eQ7eOV_Z.js:67
[  330065ms] [ERROR] Error @ http://localhost:3100/assets/index-eQ7eOV_Z.js:67
[  330100ms] [ERROR] Error @ http://localhost:3100/assets/index-eQ7eOV_Z.js:67
[  334385ms] [ERROR] Error @ http://localhost:3100/assets/index-eQ7eOV_Z.js:67
[  334430ms] [ERROR] Error @ http://localhost:3100/assets/index-eQ7eOV_Z.js:67
[  334433ms] [ERROR] Error @ http://localhost:3100/assets/index-eQ7eOV_Z.js:67
[  339395ms] [ERROR] Error @ http://localhost:3100/assets/index-eQ7eOV_Z.js:67
[  339437ms] [ERROR] Error @ http://localhost:3100/assets/index-eQ7eOV_Z.js:67
[  339441ms] [ERROR] Error @ http://localhost:3100/assets/index-eQ7eOV_Z.js:67
[  344412ms] [ERROR] Error @ http://localhost:3100/assets/index-eQ7eOV_Z.js:67
[  344452ms] [ERROR] Error @ http://localhost:3100/assets/index-eQ7eOV_Z.js:67
[  344459ms] [ERROR] Error @ http://localhost:3100/assets/index-eQ7eOV_Z.js:67
[  349410ms] [ERROR] Error @ http://localhost:3100/assets/index-eQ7eOV_Z.js:67
[  349451ms] [ERROR] Error @ http://localhost:3100/assets/index-eQ7eOV_Z.js:67
[  349455ms] [ERROR] Error @ http://localhost:3100/assets/index-eQ7eOV_Z.js:67
[  354416ms] [ERROR] Error @ http://localhost:3100/assets/index-eQ7eOV_Z.js:67
[  354456ms] [ERROR] Error @ http://localhost:3100/assets/index-eQ7eOV_Z.js:67
[  354461ms] [ERROR] Error @ http://localhost:3100/assets/index-eQ7eOV_Z.js:67
[  359423ms] [ERROR] Error @ http://localhost:3100/assets/index-eQ7eOV_Z.js:67
[  359464ms] [ERROR] Error @ http://localhost:3100/assets/index-eQ7eOV_Z.js:67
[  359468ms] [ERROR] Error @ http://localhost:3100/assets/index-eQ7eOV_Z.js:67
[  360067ms] [ERROR] Error @ http://localhost:3100/assets/index-eQ7eOV_Z.js:67
[  360099ms] [ERROR] Error @ http://localhost:3100/assets/index-eQ7eOV_Z.js:67
[  364423ms] [ERROR] Error @ http://localhost:3100/assets/index-eQ7eOV_Z.js:67
[  364465ms] [ERROR] Error @ http://localhost:3100/assets/index-eQ7eOV_Z.js:67
[  364470ms] [ERROR] Error @ http://localhost:3100/assets/index-eQ7eOV_Z.js:67
[  369434ms] [ERROR] Error @ http://localhost:3100/assets/index-eQ7eOV_Z.js:67
[  369476ms] [ERROR] Error @ http://localhost:3100/assets/index-eQ7eOV_Z.js:67
[  369480ms] [ERROR] Error @ http://localhost:3100/assets/index-eQ7eOV_Z.js:67
