[     488ms] [ERROR] Error @ http://localhost:3100/assets/index-Dko1t5gX.js:67
[     490ms] [ERROR] Error @ http://localhost:3100/assets/index-Dko1t5gX.js:67
[    1306ms] [ERROR] Error @ http://localhost:3100/assets/index-Dko1t5gX.js:67
[    1670ms] [ERROR] Error @ http://localhost:3100/assets/index-Dko1t5gX.js:67
[    1689ms] [ERROR] Error @ http://localhost:3100/assets/index-Dko1t5gX.js:67
[    6290ms] [ERROR] Error @ http://localhost:3100/assets/index-Dko1t5gX.js:67
[    6653ms] [ERROR] Error @ http://localhost:3100/assets/index-Dko1t5gX.js:67
[    6668ms] [ERROR] Error @ http://localhost:3100/assets/index-Dko1t5gX.js:67
[   11260ms] [ERROR] Error @ http://localhost:3100/assets/index-Dko1t5gX.js:67
[   11632ms] [ERROR] Error @ http://localhost:3100/assets/index-Dko1t5gX.js:67
[   11638ms] [ERROR] Error @ http://localhost:3100/assets/index-Dko1t5gX.js:67
[   16526ms] [ERROR] Error @ :4
[   17039ms] [ERROR] Error @ :4
[   17051ms] [ERROR] Error @ :4
[   21405ms] [ERROR] Error @ :4
[   21793ms] [ERROR] Error @ :4
[   21809ms] [ERROR] Error @ :4
[   26286ms] [ERROR] Error @ :4
[   26637ms] [ERROR] Error @ :4
[   26658ms] [ERROR] Error @ :4
[   30058ms] [ERROR] Error @ :4
[   30123ms] [ERROR] Error @ :4
[   31310ms] [ERROR] Error @ :4
[   31662ms] [ERROR] Error @ :4
[   31676ms] [ERROR] Error @ :4
[   36333ms] [ERROR] Error @ :4
[   36665ms] [ERROR] Error @ :4
[   36676ms] [ERROR] Error @ :4
[   41364ms] [ERROR] Error @ :4
[   41809ms] [ERROR] Error @ :4
[   41827ms] [ERROR] Error @ :4
[   49318ms] [ERROR] Error @ :4
[   49734ms] [ERROR] Error @ :4
[   49752ms] [ERROR] Error @ :4
[   53610ms] [ERROR] Error @ :4
[   54390ms] [ERROR] Error @ :4
[   54423ms] [ERROR] Error @ :4
[   58955ms] [ERROR] Error @ :4
[   59292ms] [ERROR] Error @ :4
[   59299ms] [ERROR] Error @ :4
[   60065ms] [ERROR] Error @ :4
[   60125ms] [ERROR] Error @ :4
[   64162ms] [ERROR] Error @ :4
[   64513ms] [ERROR] Error @ :4
[   64526ms] [ERROR] Error @ :4
[   68710ms] [ERROR] Error @ :4
[   69555ms] [ERROR] Error @ :4
[   69586ms] [ERROR] Error @ :4
[   74104ms] [ERROR] Error @ :4
[   74474ms] [ERROR] Error @ :4
[   74488ms] [ERROR] Error @ :4
[   79113ms] [ERROR] Error @ :4
[   79465ms] [ERROR] Error @ :4
[   79485ms] [ERROR] Error @ :4
[   84276ms] [ERROR] Error @ :4
[   84688ms] [ERROR] Error @ :4
[   84709ms] [ERROR] Error @ :4
[   89123ms] [ERROR] Error @ :4
[   89470ms] [ERROR] Error @ :4
[   89486ms] [ERROR] Error @ :4
[   90062ms] [ERROR] Error @ :4
[   90124ms] [ERROR] Error @ :4
[   93993ms] [ERROR] Error @ :4
[   94325ms] [ERROR] Error @ :4
[   94340ms] [ERROR] Error @ :4
[   99021ms] [ERROR] Error @ :4
[   99349ms] [ERROR] Error @ :4
[   99356ms] [ERROR] Error @ :4
[  104032ms] [ERROR] Error @ :4
[  104354ms] [ERROR] Error @ :4
[  104361ms] [ERROR] Error @ :4
[  109040ms] [ERROR] Error @ :4
[  109385ms] [ERROR] Error @ :4
[  109397ms] [ERROR] Error @ :4
[  114058ms] [ERROR] Error @ :4
[  114516ms] [ERROR] Error @ :4
[  114532ms] [ERROR] Error @ :4
[  118781ms] [ERROR] Error @ :4
[  119809ms] [ERROR] Error @ :4
[  119836ms] [ERROR] Error @ :4
[  120052ms] [ERROR] Error @ :4
[  120118ms] [ERROR] Error @ :4
[  124204ms] [ERROR] Error @ :4
[  124590ms] [ERROR] Error @ :4
[  124602ms] [ERROR] Error @ :4
[  129062ms] [ERROR] Error @ :4
[  129407ms] [ERROR] Error @ :4
[  129420ms] [ERROR] Error @ :4
[  134083ms] [ERROR] Error @ :4
[  134431ms] [ERROR] Error @ :4
[  134447ms] [ERROR] Error @ :4
[  139076ms] [ERROR] Error @ :4
[  139431ms] [ERROR] Error @ :4
[  139443ms] [ERROR] Error @ :4
[  144122ms] [ERROR] Error @ :4
[  144451ms] [ERROR] Error @ :4
[  144465ms] [ERROR] Error @ :4
[  149126ms] [ERROR] Error @ :4
[  149473ms] [ERROR] Error @ :4
[  149494ms] [ERROR] Error @ :4
[  150061ms] [ERROR] Error @ :4
[  150125ms] [ERROR] Error @ :4
[  154357ms] [ERROR] Error @ :4
[  154771ms] [ERROR] Error @ :4
[  154783ms] [ERROR] Error @ :4
[  159302ms] [ERROR] Error @ :4
[  159648ms] [ERROR] Error @ :4
[  159663ms] [ERROR] Error @ :4
[  164198ms] [ERROR] Error @ :4
[  164522ms] [ERROR] Error @ :4
[  164532ms] [ERROR] Error @ :4
[  168946ms] [ERROR] Error @ :4
[  169759ms] [ERROR] Error @ :4
[  169798ms] [ERROR] Error @ :4
[  173894ms] [ERROR] Error @ :4
[  174864ms] [ERROR] Error @ :4
[  174903ms] [ERROR] Error @ :4
[  179384ms] [ERROR] Error @ :4
[  179764ms] [ERROR] Error @ :4
[  179783ms] [ERROR] Error @ :4
[  180058ms] [ERROR] Error @ :4
[  180134ms] [ERROR] Error @ :4
[  184360ms] [ERROR] Error @ :4
[  184812ms] [ERROR] Error @ :4
[  184829ms] [ERROR] Error @ :4
[  189362ms] [ERROR] Error @ :4
[  189786ms] [ERROR] Error @ :4
[  189802ms] [ERROR] Error @ :4
[  194416ms] [ERROR] Error @ :4
[  194858ms] [ERROR] Error @ :4
[  194872ms] [ERROR] Error @ :4
[  199365ms] [ERROR] Error @ :4
[  199777ms] [ERROR] Error @ :4
[  199792ms] [ERROR] Error @ :4
[  204198ms] [ERROR] Error @ :4
[  204565ms] [ERROR] Error @ :4
[  204577ms] [ERROR] Error @ :4
[  209228ms] [ERROR] Error @ :4
[  209573ms] [ERROR] Error @ :4
[  209587ms] [ERROR] Error @ :4
[  210074ms] [ERROR] Error @ :4
[  210138ms] [ERROR] Error @ :4
[  214218ms] [ERROR] Error @ :4
[  214552ms] [ERROR] Error @ :4
[  214567ms] [ERROR] Error @ :4
[  219223ms] [ERROR] Error @ :4
[  219580ms] [ERROR] Error @ :4
[  219597ms] [ERROR] Error @ :4
[  224259ms] [ERROR] Error @ :4
[  224609ms] [ERROR] Error @ :4
[  224627ms] [ERROR] Error @ :4
[  229295ms] [ERROR] Error @ :4
[  229629ms] [ERROR] Error @ :4
[  229644ms] [ERROR] Error @ :4
[  234368ms] [ERROR] Error @ :4
[  234786ms] [ERROR] Error @ :4
[  234805ms] [ERROR] Error @ :4
[  239497ms] [ERROR] Error @ :4
[  240042ms] [ERROR] Error @ :4
[  240052ms] [ERROR] Error @ :4
[  240069ms] [ERROR] Error @ :4
[  240139ms] [ERROR] Error @ :4
[  244547ms] [ERROR] Error @ :4
[  245216ms] [ERROR] Error @ :4
[  245236ms] [ERROR] Error @ :4
[  249496ms] [ERROR] Error @ :4
[  249960ms] [ERROR] Error @ :4
[  249979ms] [ERROR] Error @ :4
[  254498ms] [ERROR] Error @ :4
[  254935ms] [ERROR] Error @ :4
[  254960ms] [ERROR] Error @ :4
[  259321ms] [ERROR] Error @ :4
[  259686ms] [ERROR] Error @ :4
[  259697ms] [ERROR] Error @ :4
[  264329ms] [ERROR] Error @ :4
[  264674ms] [ERROR] Error @ :4
[  264681ms] [ERROR] Error @ :4
[  269318ms] [ERROR] Error @ :4
[  269681ms] [ERROR] Error @ :4
[  269694ms] [ERROR] Error @ :4
[  270068ms] [ERROR] Error @ :4
[  270138ms] [ERROR] Error @ :4
[  274335ms] [ERROR] Error @ :4
[  274702ms] [ERROR] Error @ :4
[  274719ms] [ERROR] Error @ :4
[  279327ms] [ERROR] Error @ :4
[  279720ms] [ERROR] Error @ :4
[  279743ms] [ERROR] Error @ :4
[  284748ms] [ERROR] Error @ :4
[  285227ms] [ERROR] Error @ :4
[  285237ms] [ERROR] Error @ :4
[  289702ms] [ERROR] Error @ :4
[  290146ms] [ERROR] Error @ :4
[  290172ms] [ERROR] Error @ :4
[  294528ms] [ERROR] Error @ :4
[  294913ms] [ERROR] Error @ :4
[  294929ms] [ERROR] Error @ :4
[  299054ms] [ERROR] Error @ :4
[  300013ms] [ERROR] Error @ :4
[  300045ms] [ERROR] Error @ :4
[  300067ms] [ERROR] Error @ :4
[  300135ms] [ERROR] Error @ :4
[  304658ms] [ERROR] Error @ :4
[  305045ms] [ERROR] Error @ :4
[  305062ms] [ERROR] Error @ :4
[  309767ms] [ERROR] Error @ :4
[  310181ms] [ERROR] Error @ :4
[  310201ms] [ERROR] Error @ :4
[  314679ms] [ERROR] Error @ :4
[  315028ms] [ERROR] Error @ :4
[  315051ms] [ERROR] Error @ :4
[  319745ms] [ERROR] Error @ :4
[  320140ms] [ERROR] Error @ :4
[  320169ms] [ERROR] Error @ :4
[  324617ms] [ERROR] Error @ :4
[  324996ms] [ERROR] Error @ :4
[  325025ms] [ERROR] Error @ :4
[  330102ms] [ERROR] Error @ :4
[  330867ms] [ERROR] Error @ :4
[  330913ms] [ERROR] Error @ :4
[  330921ms] [ERROR] Error @ :4
[  334949ms] [ERROR] Error @ :4
[  335548ms] [ERROR] Error @ :4
[  335572ms] [ERROR] Error @ :4
[  340372ms] [ERROR] Error @ :4
[  340423ms] [ERROR] Error @ :4
[  344810ms] [ERROR] Error @ :4
[  345229ms] [ERROR] Error @ :4
[  345246ms] [ERROR] Error @ :4
[  350414ms] [ERROR] Error @ :4
[  351226ms] [ERROR] Error @ :4
[  351244ms] [ERROR] Error @ :4
[  354814ms] [ERROR] Error @ :4
[  355316ms] [ERROR] Error @ :4
[  355350ms] [ERROR] Error @ :4
[  359871ms] [ERROR] Error @ :4
[  360383ms] [ERROR] Error @ :4
[  360437ms] [ERROR] Error @ :4
[  360439ms] [ERROR] Error @ :4
[  365020ms] [ERROR] Error @ :4
[  365743ms] [ERROR] Error @ :4
[  365768ms] [ERROR] Error @ :4
[  369263ms] [ERROR] Error @ :4
[  370508ms] [ERROR] Error @ :4
[  370570ms] [ERROR] Error @ :4
[  375111ms] [ERROR] Error @ :4
[  375808ms] [ERROR] Error @ :4
[  375860ms] [ERROR] Error @ :4
[  379856ms] [ERROR] Error @ :4
[  380416ms] [ERROR] Error @ :4
[  380449ms] [ERROR] Error @ :4
[  385072ms] [ERROR] Error @ :4
[  386211ms] [ERROR] Error @ :4
[  386297ms] [ERROR] Error @ :4
[  390412ms] [ERROR] Error @ :4
[  391041ms] [ERROR] Error @ :4
[  391089ms] [ERROR] Error @ :4
[  395093ms] [ERROR] Error @ :4
[  395660ms] [ERROR] Error @ :4
[  395692ms] [ERROR] Error @ :4
[  400419ms] [ERROR] Error @ :4
[  401047ms] [ERROR] Error @ :4
[  401088ms] [ERROR] Error @ :4
[  405486ms] [ERROR] Error @ :4
[  406214ms] [ERROR] Error @ :4
[  406254ms] [ERROR] Error @ :4
[  409677ms] [ERROR] Error @ :4
[  411201ms] [ERROR] Error @ :4
[  411275ms] [ERROR] Error @ :4
[  415197ms] [ERROR] Error @ :4
[  415774ms] [ERROR] Error @ :4
[  415811ms] [ERROR] Error @ :4
[  420400ms] [ERROR] Error @ :4
[  421205ms] [ERROR] Error @ :4
[  421257ms] [ERROR] Error @ :4
[  424655ms] [ERROR] Error @ :4
[  426034ms] [ERROR] Error @ :4
[  426062ms] [ERROR] Error @ :4
[  430346ms] [ERROR] Error @ :4
[  430934ms] [ERROR] Error @ :4
[  430959ms] [ERROR] Error @ :4
[  435333ms] [ERROR] Error @ :4
[  435895ms] [ERROR] Error @ :4
[  435919ms] [ERROR] Error @ :4
[  439699ms] [ERROR] Error @ :4
[  440654ms] [ERROR] Error @ :4
[  440700ms] [ERROR] Error @ :4
[  445184ms] [ERROR] Error @ :4
[  445887ms] [ERROR] Error @ :4
[  445910ms] [ERROR] Error @ :4
[  449691ms] [ERROR] Error @ :4
[  451074ms] [ERROR] Error @ :4
[  451151ms] [ERROR] Error @ :4
[  451158ms] [ERROR] Error @ :4
[  455958ms] [ERROR] Error @ :4
[  456014ms] [ERROR] Error @ :4
[  460463ms] [ERROR] Error @ :4
[  461225ms] [ERROR] Error @ :4
[  461249ms] [ERROR] Error @ :4
[  465816ms] [ERROR] Error @ :4
[  467310ms] [ERROR] Error @ :4
[  467401ms] [ERROR] Error @ :4
[  469712ms] [ERROR] Error @ :4
[  471990ms] [ERROR] Error @ :4
[  472062ms] [ERROR] Error @ :4
[  474746ms] [ERROR] Error @ :4
[  476624ms] [ERROR] Error @ :4
[  476752ms] [ERROR] Error @ :4
[  480331ms] [ERROR] Error @ :4
[  480992ms] [ERROR] Error @ :4
[  481009ms] [ERROR] Error @ :4
[  485037ms] [ERROR] Error @ :4
[  485527ms] [ERROR] Error @ :4
[  485553ms] [ERROR] Error @ :4
[  489667ms] [ERROR] Error @ :4
[  490540ms] [ERROR] Error @ :4
[  490570ms] [ERROR] Error @ :4
[  495039ms] [ERROR] Error @ :4
[  495361ms] [ERROR] Error @ :4
[  495378ms] [ERROR] Error @ :4
[  499687ms] [ERROR] Failed to load resource: net::ERR_EMPTY_RESPONSE @ http://localhost:3100/api/v1/stations?limit=2000:0
[  499987ms] [ERROR] Error @ :4
[  499987ms] [ERROR] Failed to load resource: net::ERR_EMPTY_RESPONSE @ http://localhost:3100/api/v1/stations?limit=2000:0
[  500295ms] [ERROR] Failed to load resource: net::ERR_EMPTY_RESPONSE @ http://localhost:3100/api/v1/stations?limit=2000:0
[  500295ms] [ERROR] Failed to load resource: net::ERR_EMPTY_RESPONSE @ http://localhost:3100/api/v1/stations?limit=2000:0
[  500295ms] [ERROR] Failed to load resource: net::ERR_EMPTY_RESPONSE @ http://localhost:3100/api/v1/stations?limit=2000:0
[  500295ms] [ERROR] Failed to load resource: net::ERR_EMPTY_RESPONSE @ http://localhost:3100/api/v1/stations?limit=2000:0
[  500295ms] [ERROR] Failed to load resource: net::ERR_EMPTY_RESPONSE @ http://localhost:3100/api/v1/stations?limit=2000:0
[  500295ms] [ERROR] Failed to load resource: net::ERR_EMPTY_RESPONSE @ http://localhost:3100/api/v1/stations?limit=2000:0
[  500295ms] [ERROR] Failed to load resource: net::ERR_EMPTY_RESPONSE @ http://localhost:3100/api/v1/stations?limit=2000:0
[  500295ms] [ERROR] Failed to load resource: net::ERR_EMPTY_RESPONSE @ http://localhost:3100/api/v1/stations?limit=2000:0
[  500295ms] [ERROR] Failed to load resource: net::ERR_EMPTY_RESPONSE @ http://localhost:3100/api/v1/stations?limit=2000:0
[  500295ms] [ERROR] Failed to load resource: net::ERR_EMPTY_RESPONSE @ http://localhost:3100/api/v1/stations?limit=2000:0
[  500295ms] [ERROR] Failed to load resource: net::ERR_EMPTY_RESPONSE @ http://localhost:3100/api/v1/stations?limit=2000:0
[  500295ms] [ERROR] Failed to load resource: net::ERR_EMPTY_RESPONSE @ http://localhost:3100/api/v1/stations?limit=2000:0
[  500295ms] [ERROR] Failed to load resource: net::ERR_EMPTY_RESPONSE @ http://localhost:3100/api/v1/stations?limit=2000:0
[  500295ms] [ERROR] Failed to load resource: net::ERR_EMPTY_RESPONSE @ http://localhost:3100/api/v1/stations?limit=2000:0
[  500295ms] [ERROR] Failed to load resource: net::ERR_EMPTY_RESPONSE @ http://localhost:3100/api/v1/stations?limit=2000:0
[  500295ms] [ERROR] Failed to load resource: net::ERR_EMPTY_RESPONSE @ http://localhost:3100/api/v1/stations?limit=2000:0
[  500296ms] [ERROR] Failed to load resource: net::ERR_EMPTY_RESPONSE @ http://localhost:3100/api/v1/stations?limit=2000:0
[  500296ms] [ERROR] Failed to load resource: net::ERR_EMPTY_RESPONSE @ http://localhost:3100/api/v1/stations?limit=2000:0
[  500296ms] [ERROR] Failed to load resource: net::ERR_EMPTY_RESPONSE @ http://localhost:3100/api/v1/stations?limit=2000:0
[  500296ms] [ERROR] Failed to load resource: net::ERR_EMPTY_RESPONSE @ http://localhost:3100/api/v1/stations?limit=2000:0
[  500296ms] [ERROR] Failed to load resource: net::ERR_EMPTY_RESPONSE @ http://localhost:3100/api/v1/stations?limit=2000:0
[  500296ms] [ERROR] Failed to load resource: net::ERR_EMPTY_RESPONSE @ http://localhost:3100/api/v1/stations?limit=2000:0
[  500296ms] [ERROR] Failed to load resource: net::ERR_EMPTY_RESPONSE @ http://localhost:3100/api/v1/stations?limit=2000:0
[  500296ms] [ERROR] Failed to load resource: net::ERR_EMPTY_RESPONSE @ http://localhost:3100/api/v1/stations?limit=2000:0
[  500296ms] [ERROR] Failed to load resource: net::ERR_EMPTY_RESPONSE @ http://localhost:3100/api/v1/stations?limit=2000:0
[  500296ms] [ERROR] Failed to load resource: net::ERR_EMPTY_RESPONSE @ http://localhost:3100/api/v1/stations?limit=2000:0
[  500296ms] [ERROR] Failed to load resource: net::ERR_EMPTY_RESPONSE @ http://localhost:3100/api/v1/stations?limit=2000:0
[  500296ms] [ERROR] Failed to load resource: net::ERR_EMPTY_RESPONSE @ http://localhost:3100/api/v1/stations?limit=2000:0
[  500296ms] [ERROR] Failed to load resource: net::ERR_EMPTY_RESPONSE @ http://localhost:3100/api/v1/stations?limit=2000:0
[  500296ms] [ERROR] Failed to load resource: net::ERR_EMPTY_RESPONSE @ http://localhost:3100/api/v1/stations?limit=2000:0
[  500296ms] [ERROR] Failed to load resource: net::ERR_EMPTY_RESPONSE @ http://localhost:3100/api/v1/stations?limit=2000:0
[  500296ms] [ERROR] Failed to load resource: net::ERR_EMPTY_RESPONSE @ http://localhost:3100/api/v1/stations?limit=2000:0
[  500296ms] [ERROR] Failed to load resource: net::ERR_EMPTY_RESPONSE @ http://localhost:3100/api/v1/stations?limit=2000:0
[  500296ms] [ERROR] Failed to load resource: net::ERR_EMPTY_RESPONSE @ http://localhost:3100/api/v1/stations?limit=2000:0
[  500296ms] [ERROR] Failed to load resource: net::ERR_EMPTY_RESPONSE @ http://localhost:3100/api/v1/stations?limit=2000:0
[  500296ms] [ERROR] Failed to load resource: net::ERR_EMPTY_RESPONSE @ http://localhost:3100/api/v1/stations?limit=2000:0
[  500296ms] [ERROR] Failed to load resource: net::ERR_EMPTY_RESPONSE @ http://localhost:3100/api/v1/stations?limit=2000:0
[  500296ms] [ERROR] Failed to load resource: net::ERR_EMPTY_RESPONSE @ http://localhost:3100/api/v1/stations?limit=2000:0
[  500296ms] [ERROR] Failed to load resource: net::ERR_EMPTY_RESPONSE @ http://localhost:3100/api/v1/stations?limit=2000:0
[  500296ms] [ERROR] Error @ :4
[  500297ms] [ERROR] Failed to load resource: net::ERR_EMPTY_RESPONSE @ http://localhost:3100/api/v1/stations?limit=2000:0
[  500297ms] [ERROR] Failed to load resource: net::ERR_EMPTY_RESPONSE @ http://localhost:3100/api/v1/stations?limit=2000:0
[  500297ms] [ERROR] Failed to load resource: net::ERR_EMPTY_RESPONSE @ http://localhost:3100/api/v1/stations?limit=2000:0
[  500297ms] [ERROR] Failed to load resource: net::ERR_EMPTY_RESPONSE @ http://localhost:3100/api/v1/stations?limit=2000:0
[  500297ms] [ERROR] Failed to load resource: net::ERR_EMPTY_RESPONSE @ http://localhost:3100/api/v1/stations?limit=2000:0
[  500297ms] [ERROR] Failed to load resource: net::ERR_EMPTY_RESPONSE @ http://localhost:3100/api/v1/stations?limit=2000:0
[  500297ms] [ERROR] Failed to load resource: net::ERR_EMPTY_RESPONSE @ http://localhost:3100/api/v1/stations?limit=2000:0
[  500297ms] [ERROR] Failed to load resource: net::ERR_EMPTY_RESPONSE @ http://localhost:3100/api/v1/stations?limit=2000:0
[  500297ms] [ERROR] Failed to load resource: net::ERR_EMPTY_RESPONSE @ http://localhost:3100/api/v1/stations?limit=2000:0
[  500297ms] [ERROR] Failed to load resource: net::ERR_EMPTY_RESPONSE @ http://localhost:3100/api/v1/stations?limit=2000:0
[  500297ms] [ERROR] Failed to load resource: net::ERR_EMPTY_RESPONSE @ http://localhost:3100/api/v1/stations?limit=2000:0
[  500297ms] [ERROR] Failed to load resource: net::ERR_EMPTY_RESPONSE @ http://localhost:3100/api/v1/stations?limit=2000:0
[  500297ms] [ERROR] Failed to load resource: net::ERR_EMPTY_RESPONSE @ http://localhost:3100/api/v1/stations?limit=2000:0
[  500297ms] [ERROR] Failed to load resource: net::ERR_EMPTY_RESPONSE @ http://localhost:3100/api/v1/stations?limit=2000:0
[  500297ms] [ERROR] Failed to load resource: net::ERR_EMPTY_RESPONSE @ http://localhost:3100/api/v1/stations?limit=2000:0
[  500297ms] [ERROR] Failed to load resource: net::ERR_EMPTY_RESPONSE @ http://localhost:3100/api/v1/stations?limit=2000:0
[  500297ms] [ERROR] Failed to load resource: net::ERR_EMPTY_RESPONSE @ http://localhost:3100/api/v1/stations?limit=2000:0
[  500297ms] [ERROR] Failed to load resource: net::ERR_EMPTY_RESPONSE @ http://localhost:3100/api/v1/stations?limit=2000:0
[  500297ms] [ERROR] Failed to load resource: net::ERR_EMPTY_RESPONSE @ http://localhost:3100/api/v1/stations?limit=2000:0
[  500297ms] [ERROR] Failed to load resource: net::ERR_EMPTY_RESPONSE @ http://localhost:3100/api/v1/stations?limit=2000:0
[  500297ms] [ERROR] Failed to load resource: net::ERR_EMPTY_RESPONSE @ http://localhost:3100/api/v1/stations?limit=2000:0
[  500297ms] [ERROR] Failed to load resource: net::ERR_EMPTY_RESPONSE @ http://localhost:3100/api/v1/stations?limit=2000:0
[  500297ms] [ERROR] Failed to load resource: net::ERR_EMPTY_RESPONSE @ http://localhost:3100/api/v1/stations?limit=2000:0
[  500297ms] [ERROR] Failed to load resource: net::ERR_EMPTY_RESPONSE @ http://localhost:3100/api/v1/stations?limit=2000:0
[  500297ms] [ERROR] Failed to load resource: net::ERR_EMPTY_RESPONSE @ http://localhost:3100/api/v1/stations?limit=2000:0
[  500297ms] [ERROR] Failed to load resource: net::ERR_EMPTY_RESPONSE @ http://localhost:3100/api/v1/stations?limit=2000:0
[  500297ms] [ERROR] Failed to load resource: net::ERR_EMPTY_RESPONSE @ http://localhost:3100/api/v1/stations?limit=2000:0
[  500297ms] [ERROR] Failed to load resource: net::ERR_EMPTY_RESPONSE @ http://localhost:3100/api/v1/stations?limit=2000:0
[  500298ms] [ERROR] Failed to load resource: net::ERR_EMPTY_RESPONSE @ http://localhost:3100/api/v1/stations?limit=2000:0
[  500298ms] [ERROR] Failed to load resource: net::ERR_EMPTY_RESPONSE @ http://localhost:3100/api/v1/stations?limit=2000:0
[  500298ms] [ERROR] Failed to load resource: net::ERR_EMPTY_RESPONSE @ http://localhost:3100/api/v1/stations?limit=2000:0
[  500298ms] [ERROR] Failed to load resource: net::ERR_EMPTY_RESPONSE @ http://localhost:3100/api/v1/stations?limit=2000:0
[  500298ms] [ERROR] Failed to load resource: net::ERR_EMPTY_RESPONSE @ http://localhost:3100/api/v1/stations?limit=2000:0
[  500298ms] [ERROR] Failed to load resource: net::ERR_EMPTY_RESPONSE @ http://localhost:3100/api/v1/stations?limit=2000:0
[  500298ms] [ERROR] Failed to load resource: net::ERR_EMPTY_RESPONSE @ http://localhost:3100/api/v1/stations?limit=2000:0
[  500298ms] [ERROR] Failed to load resource: net::ERR_EMPTY_RESPONSE @ http://localhost:3100/api/v1/stations?limit=2000:0
[  500301ms] [ERROR] Failed to load resource: net::ERR_EMPTY_RESPONSE @ http://localhost:3100/api/v1/stations?limit=2000:0
[  500301ms] [ERROR] Failed to load resource: net::ERR_EMPTY_RESPONSE @ http://localhost:3100/api/v1/stations?limit=2000:0
[  500301ms] [ERROR] Failed to load resource: net::ERR_EMPTY_RESPONSE @ http://localhost:3100/api/v1/stations?limit=2000:0
[  500301ms] [ERROR] Error @ :4
[  501343ms] [ERROR] Failed to load resource: net::ERR_EMPTY_RESPONSE @ http://localhost:3100/api/v1/stations?limit=2000:0
[  504695ms] [ERROR] Failed to load resource: net::ERR_EMPTY_RESPONSE @ http://localhost:3100/api/v1/stations?limit=2000:0
[  504976ms] [ERROR] Error @ :4
[  504977ms] [ERROR] Failed to load resource: net::ERR_EMPTY_RESPONSE @ http://localhost:3100/api/v1/stations?limit=2000:0
[  505258ms] [ERROR] Failed to load resource: net::ERR_EMPTY_RESPONSE @ http://localhost:3100/api/v1/stations?limit=2000:0
[  505258ms] [ERROR] Failed to load resource: net::ERR_EMPTY_RESPONSE @ http://localhost:3100/api/v1/stations?limit=2000:0
[  505258ms] [ERROR] Failed to load resource: net::ERR_EMPTY_RESPONSE @ http://localhost:3100/api/v1/stations?limit=2000:0
[  505258ms] [ERROR] Failed to load resource: net::ERR_EMPTY_RESPONSE @ http://localhost:3100/api/v1/stations?limit=2000:0
[  505259ms] [ERROR] Failed to load resource: net::ERR_EMPTY_RESPONSE @ http://localhost:3100/api/v1/stations?limit=2000:0
[  505259ms] [ERROR] Failed to load resource: net::ERR_EMPTY_RESPONSE @ http://localhost:3100/api/v1/stations?limit=2000:0
[  505259ms] [ERROR] Failed to load resource: net::ERR_EMPTY_RESPONSE @ http://localhost:3100/api/v1/stations?limit=2000:0
[  505259ms] [ERROR] Failed to load resource: net::ERR_EMPTY_RESPONSE @ http://localhost:3100/api/v1/stations?limit=2000:0
[  505259ms] [ERROR] Failed to load resource: net::ERR_EMPTY_RESPONSE @ http://localhost:3100/api/v1/stations?limit=2000:0
[  505259ms] [ERROR] Failed to load resource: net::ERR_EMPTY_RESPONSE @ http://localhost:3100/api/v1/stations?limit=2000:0
[  505259ms] [ERROR] Failed to load resource: net::ERR_EMPTY_RESPONSE @ http://localhost:3100/api/v1/stations?limit=2000:0
[  505259ms] [ERROR] Failed to load resource: net::ERR_EMPTY_RESPONSE @ http://localhost:3100/api/v1/stations?limit=2000:0
[  505259ms] [ERROR] Failed to load resource: net::ERR_EMPTY_RESPONSE @ http://localhost:3100/api/v1/stations?limit=2000:0
[  505259ms] [ERROR] Failed to load resource: net::ERR_EMPTY_RESPONSE @ http://localhost:3100/api/v1/stations?limit=2000:0
[  505259ms] [ERROR] Failed to load resource: net::ERR_EMPTY_RESPONSE @ http://localhost:3100/api/v1/stations?limit=2000:0
[  505259ms] [ERROR] Failed to load resource: net::ERR_EMPTY_RESPONSE @ http://localhost:3100/api/v1/stations?limit=2000:0
[  505259ms] [ERROR] Failed to load resource: net::ERR_EMPTY_RESPONSE @ http://localhost:3100/api/v1/stations?limit=2000:0
[  505259ms] [ERROR] Failed to load resource: net::ERR_EMPTY_RESPONSE @ http://localhost:3100/api/v1/stations?limit=2000:0
[  505259ms] [ERROR] Failed to load resource: net::ERR_EMPTY_RESPONSE @ http://localhost:3100/api/v1/stations?limit=2000:0
[  505259ms] [ERROR] Failed to load resource: net::ERR_EMPTY_RESPONSE @ http://localhost:3100/api/v1/stations?limit=2000:0
[  505259ms] [ERROR] Failed to load resource: net::ERR_EMPTY_RESPONSE @ http://localhost:3100/api/v1/stations?limit=2000:0
[  505259ms] [ERROR] Failed to load resource: net::ERR_EMPTY_RESPONSE @ http://localhost:3100/api/v1/stations?limit=2000:0
[  505259ms] [ERROR] Failed to load resource: net::ERR_EMPTY_RESPONSE @ http://localhost:3100/api/v1/stations?limit=2000:0
[  505259ms] [ERROR] Failed to load resource: net::ERR_EMPTY_RESPONSE @ http://localhost:3100/api/v1/stations?limit=2000:0
[  505259ms] [ERROR] Failed to load resource: net::ERR_EMPTY_RESPONSE @ http://localhost:3100/api/v1/stations?limit=2000:0
[  505259ms] [ERROR] Failed to load resource: net::ERR_EMPTY_RESPONSE @ http://localhost:3100/api/v1/stations?limit=2000:0
[  505259ms] [ERROR] Failed to load resource: net::ERR_EMPTY_RESPONSE @ http://localhost:3100/api/v1/stations?limit=2000:0
[  505259ms] [ERROR] Failed to load resource: net::ERR_EMPTY_RESPONSE @ http://localhost:3100/api/v1/stations?limit=2000:0
[  505259ms] [ERROR] Failed to load resource: net::ERR_EMPTY_RESPONSE @ http://localhost:3100/api/v1/stations?limit=2000:0
[  505259ms] [ERROR] Failed to load resource: net::ERR_EMPTY_RESPONSE @ http://localhost:3100/api/v1/stations?limit=2000:0
[  505259ms] [ERROR] Failed to load resource: net::ERR_EMPTY_RESPONSE @ http://localhost:3100/api/v1/stations?limit=2000:0
[  505259ms] [ERROR] Failed to load resource: net::ERR_EMPTY_RESPONSE @ http://localhost:3100/api/v1/stations?limit=2000:0
[  505259ms] [ERROR] Failed to load resource: net::ERR_EMPTY_RESPONSE @ http://localhost:3100/api/v1/stations?limit=2000:0
[  505259ms] [ERROR] Failed to load resource: net::ERR_EMPTY_RESPONSE @ http://localhost:3100/api/v1/stations?limit=2000:0
[  505259ms] [ERROR] Failed to load resource: net::ERR_EMPTY_RESPONSE @ http://localhost:3100/api/v1/stations?limit=2000:0
[  505259ms] [ERROR] Failed to load resource: net::ERR_EMPTY_RESPONSE @ http://localhost:3100/api/v1/stations?limit=2000:0
[  505259ms] [ERROR] Failed to load resource: net::ERR_EMPTY_RESPONSE @ http://localhost:3100/api/v1/stations?limit=2000:0
[  505259ms] [ERROR] Failed to load resource: net::ERR_EMPTY_RESPONSE @ http://localhost:3100/api/v1/stations?limit=2000:0
[  505259ms] [ERROR] Failed to load resource: net::ERR_EMPTY_RESPONSE @ http://localhost:3100/api/v1/stations?limit=2000:0
[  505259ms] [ERROR] Error @ :4
[  505260ms] [ERROR] Failed to load resource: net::ERR_EMPTY_RESPONSE @ http://localhost:3100/api/v1/stations?limit=2000:0
[  505260ms] [ERROR] Failed to load resource: net::ERR_EMPTY_RESPONSE @ http://localhost:3100/api/v1/stations?limit=2000:0
[  505260ms] [ERROR] Failed to load resource: net::ERR_EMPTY_RESPONSE @ http://localhost:3100/api/v1/stations?limit=2000:0
[  505260ms] [ERROR] Failed to load resource: net::ERR_EMPTY_RESPONSE @ http://localhost:3100/api/v1/stations?limit=2000:0
[  505260ms] [ERROR] Failed to load resource: net::ERR_EMPTY_RESPONSE @ http://localhost:3100/api/v1/stations?limit=2000:0
[  505260ms] [ERROR] Failed to load resource: net::ERR_EMPTY_RESPONSE @ http://localhost:3100/api/v1/stations?limit=2000:0
[  505260ms] [ERROR] Failed to load resource: net::ERR_EMPTY_RESPONSE @ http://localhost:3100/api/v1/stations?limit=2000:0
[  505260ms] [ERROR] Failed to load resource: net::ERR_EMPTY_RESPONSE @ http://localhost:3100/api/v1/stations?limit=2000:0
[  505260ms] [ERROR] Failed to load resource: net::ERR_EMPTY_RESPONSE @ http://localhost:3100/api/v1/stations?limit=2000:0
[  505260ms] [ERROR] Failed to load resource: net::ERR_EMPTY_RESPONSE @ http://localhost:3100/api/v1/stations?limit=2000:0
[  505260ms] [ERROR] Failed to load resource: net::ERR_EMPTY_RESPONSE @ http://localhost:3100/api/v1/stations?limit=2000:0
[  505260ms] [ERROR] Failed to load resource: net::ERR_EMPTY_RESPONSE @ http://localhost:3100/api/v1/stations?limit=2000:0
[  505260ms] [ERROR] Failed to load resource: net::ERR_EMPTY_RESPONSE @ http://localhost:3100/api/v1/stations?limit=2000:0
[  505260ms] [ERROR] Failed to load resource: net::ERR_EMPTY_RESPONSE @ http://localhost:3100/api/v1/stations?limit=2000:0
[  505260ms] [ERROR] Failed to load resource: net::ERR_EMPTY_RESPONSE @ http://localhost:3100/api/v1/stations?limit=2000:0
[  505260ms] [ERROR] Failed to load resource: net::ERR_EMPTY_RESPONSE @ http://localhost:3100/api/v1/stations?limit=2000:0
[  505260ms] [ERROR] Failed to load resource: net::ERR_EMPTY_RESPONSE @ http://localhost:3100/api/v1/stations?limit=2000:0
[  505260ms] [ERROR] Failed to load resource: net::ERR_EMPTY_RESPONSE @ http://localhost:3100/api/v1/stations?limit=2000:0
[  505260ms] [ERROR] Failed to load resource: net::ERR_EMPTY_RESPONSE @ http://localhost:3100/api/v1/stations?limit=2000:0
[  505260ms] [ERROR] Failed to load resource: net::ERR_EMPTY_RESPONSE @ http://localhost:3100/api/v1/stations?limit=2000:0
[  505260ms] [ERROR] Failed to load resource: net::ERR_EMPTY_RESPONSE @ http://localhost:3100/api/v1/stations?limit=2000:0
[  505260ms] [ERROR] Failed to load resource: net::ERR_EMPTY_RESPONSE @ http://localhost:3100/api/v1/stations?limit=2000:0
[  505260ms] [ERROR] Failed to load resource: net::ERR_EMPTY_RESPONSE @ http://localhost:3100/api/v1/stations?limit=2000:0
[  505260ms] [ERROR] Failed to load resource: net::ERR_EMPTY_RESPONSE @ http://localhost:3100/api/v1/stations?limit=2000:0
[  505260ms] [ERROR] Failed to load resource: net::ERR_EMPTY_RESPONSE @ http://localhost:3100/api/v1/stations?limit=2000:0
[  505260ms] [ERROR] Failed to load resource: net::ERR_EMPTY_RESPONSE @ http://localhost:3100/api/v1/stations?limit=2000:0
[  505260ms] [ERROR] Failed to load resource: net::ERR_EMPTY_RESPONSE @ http://localhost:3100/api/v1/stations?limit=2000:0
[  505260ms] [ERROR] Failed to load resource: net::ERR_EMPTY_RESPONSE @ http://localhost:3100/api/v1/stations?limit=2000:0
[  505260ms] [ERROR] Failed to load resource: net::ERR_EMPTY_RESPONSE @ http://localhost:3100/api/v1/stations?limit=2000:0
[  505260ms] [ERROR] Failed to load resource: net::ERR_EMPTY_RESPONSE @ http://localhost:3100/api/v1/stations?limit=2000:0
[  505260ms] [ERROR] Failed to load resource: net::ERR_EMPTY_RESPONSE @ http://localhost:3100/api/v1/stations?limit=2000:0
[  505261ms] [ERROR] Failed to load resource: net::ERR_EMPTY_RESPONSE @ http://localhost:3100/api/v1/stations?limit=2000:0
[  505261ms] [ERROR] Failed to load resource: net::ERR_EMPTY_RESPONSE @ http://localhost:3100/api/v1/stations?limit=2000:0
[  505261ms] [ERROR] Failed to load resource: net::ERR_EMPTY_RESPONSE @ http://localhost:3100/api/v1/stations?limit=2000:0
[  505261ms] [ERROR] Failed to load resource: net::ERR_EMPTY_RESPONSE @ http://localhost:3100/api/v1/stations?limit=2000:0
[  505261ms] [ERROR] Failed to load resource: net::ERR_EMPTY_RESPONSE @ http://localhost:3100/api/v1/stations?limit=2000:0
[  505261ms] [ERROR] Failed to load resource: net::ERR_EMPTY_RESPONSE @ http://localhost:3100/api/v1/stations?limit=2000:0
[  505261ms] [ERROR] Failed to load resource: net::ERR_EMPTY_RESPONSE @ http://localhost:3100/api/v1/stations?limit=2000:0
[  505262ms] [ERROR] Failed to load resource: net::ERR_EMPTY_RESPONSE @ http://localhost:3100/api/v1/stations?limit=2000:0
[  505262ms] [ERROR] Error @ :4
[  506270ms] [ERROR] Failed to load resource: net::ERR_EMPTY_RESPONSE @ http://localhost:3100/api/v1/stations?limit=2000:0
[  510080ms] [ERROR] Error @ :4
[  510140ms] [ERROR] Error @ :4
